module github.com/athens-artifacts/happy-path

require github.com/athens-artifacts/no-tags v0.0.0-20180803171426-1a540c5d67ab
